src/contents/topic2_1/chapter10/section2_1_10.1.tsx(7,9): error TS2657: JSX expressions must have one parent element.
src/contents/topic2_1/chapter10/section2_1_10.1.tsx(21,113): error TS1003: Identifier expected.
src/contents/topic2_1/chapter10/section2_1_10.1.tsx(21,118): error TS1382: Unexpected token. Did you mean `{'>'}` or `&gt;`?
src/contents/topic2_1/chapter10/section2_1_10.1.tsx(21,121): error TS1382: Unexpected token. Did you mean `{'>'}` or `&gt;`?
src/contents/topic2_1/chapter10/section2_1_10.1.tsx(30,15): error TS17002: Expected corresponding JSX closing tag for 'section'.
src/contents/topic2_1/chapter10/section2_1_10.1.tsx(106,13): error TS1005: ')' expected.
src/contents/topic2_1/chapter10/section2_1_10.1.tsx(114,9): error TS1128: Declaration or statement expected.
src/contents/topic2_1/chapter10/section2_1_10.1.tsx(115,5): error TS1109: Expression expected.
