2:47:30 - Projects in this build: 
    * tsconfig.app.json
    * tsconfig.node.json
    * tsconfig.json

2:47:30 - Project 'tsconfig.app.json' is out of date because buildinfo file 'node_modules/.tmp/tsconfig.app.tsbuildinfo' indicates that program needs to report errors.

2:47:30 - Building project 'D:/Antigravity_pj/math-explorer/app/tsconfig.app.json'...

src/contents/topic3_5/chapter9/section3_5_9.2.tsx(1,10): error TS6133: 'BlockMath' is declared but its value is never read.
src/contents/topic3_5/chapter9/section3_5_9.4.tsx(1,10): error TS6133: 'BlockMath' is declared but its value is never read.
2:47:44 - Project 'tsconfig.node.json' is out of date because output file 'vite.config.js' does not exist

2:47:44 - Building project 'D:/Antigravity_pj/math-explorer/app/tsconfig.node.json'...

